---
source: regex/src/ast.rs
expression: "(pattern_string, ast_result)"
---
- "[[digit:]]"
- Ok:
    Concat:
      - BracketExpression:
          is_negated: false
          expr:
            - Literal: "["
            - Literal: d
            - Literal: i
            - Literal: g
            - Literal: i
            - Literal: t
            - Literal: ":"
      - Literal: "]"
