---
source: regex/src/ast.rs
expression: "(pattern_string, ast_result)"
---
- "[[:punct:]]"
- Ok:
    BracketExpression:
      is_negated: false
      expr:
        - "!"
        - "\""
        - "#"
        - $
        - "%"
        - "&"
        - "'"
        - (
        - )
        - "*"
        - +
        - ","
        - "-"
        - "."
        - /
        - ":"
        - ;
        - "<"
        - "="
        - ">"
        - "?"
        - "@"
        - "["
        - "\\"
        - "]"
        - ^
        - _
        - "`"
        - "{"
        - "|"
        - "}"
        - "~"
