---
source: regex/src/ast.rs
expression: "(pattern_string, ast_result)"
---
- "([Z-a]|2)*"
- Ok:
    Star:
      Alter:
        - BracketExpression:
            is_negated: false
            expr:
              - Z
              - "["
              - "\\"
              - "]"
              - ^
              - _
              - "`"
              - a
        - Literal: "2"
