---
source: regex/src/ast.rs
expression: "(pattern_string, ast_result)"
---
- "[A-Z]"
- Ok:
    BracketExpression:
      is_negated: false
      expr:
        - A
        - B
        - C
        - D
        - E
        - F
        - G
        - H
        - I
        - J
        - K
        - L
        - M
        - N
        - O
        - P
        - Q
        - R
        - S
        - T
        - U
        - V
        - W
        - X
        - Y
        - Z
