---
source: regex/src/ast.rs
expression: "(pattern_string, ast_result)"
---
- "\\^\\:a\\:-\\-"
- Ok:
    Concat:
      - Concat:
          - Concat:
              - Concat:
                  - Concat:
                      - Literal: ^
                      - Literal: ":"
                  - Literal: a
              - Literal: ":"
          - Literal: "-"
      - Literal: "-"
